<ul class="sf-menu" >
<li  ><a href='http://pss-development/e1077/index.php'>Home</a></li>
<li class="current" ><a href=''>Plugins</a>
  <ul>
<li  ><a href='/e1077/plugins/it_request_menu/index.php'>IT Request</a></li>
<li class="current" ><a href=''>collection List</a>
  <ul>
<li class="current" ><a href='/e1077/plugins/it_request_menu/index.php'>Surveys</a>
  <ul>
<li  ><a href='/e1077/plugins/it_request_menu/index.php'>wrap</a></li>
  </ul>
</li>
  </ul>
</li>
<li  ><a href='/e1077/plugins/widgitpage.php?1'>bdert</a></li>
<li  ><a href='/e1077/plugins/docrep_menu/index.php'>Document Repository</a></li>
<li  ><a href='/e1077/plugins/job_search/jobshack.php'>Jobs</a></li>
<li  ><a href='/e1077/plugins/txt2wrk/txt2wrk.php'>Txt2wrk</a></li>
<li  ><a href='/e1077/plugins/iereports/index.php'>IE Reports</a></li>
<li  ><a href=''>Useful Stuff</a></li>
<li  ><a href='/e1077/plugins/faq/faq.php'>FAQ</a></li>
<li  ><a href='http://pss-development/e1077/plugins/phonedir/phonedir.php'>Phone Dir</a></li>
<li  ><a href='/e1077/plugins/nmds/index.php'>NMDS Convertor</a></li>
<li  ><a href='/e1077/plugins/intinv/index.php'>Internal Invoicing</a></li>
<li  ><a href='/e1077/plugins/video_gallery/index.php'>Video Gallery</a></li>
<li  ><a href='/e1077/plugins/rbooking/index.php'>Resource Bookings</a></li>
<li  ><a href='/e1077/plugins/swp/index.php'>SW Practice</a></li>
<li  ><a href='/e1077/plugins/qreview/index.php'>Q Reviews</a></li>
<li  ><a href='/e1077/plugins/projectdir/index.php'>Project Directory</a></li>
<li  ><a href='/e1077/plugins/deptdir/deptdir.php'>Department Directory</a></li>
<li  ><a href='/e1077/plugins/somon/index.php'>Standing Order Monitor</a></li>
  </ul>
</li>
<li class="current" ><a href='/e1077/plugins/forum/forum.php'>Forum List</a>
  <ul>
<li  ><a href='/e1077/plugins/forum/forum_viewforum.php?2'>Test</a></li>
<li  ><a href='http://pss-development/e1077/plugins/forum/forum_viewforum.php?2'>Barry</a></li>
  </ul>
</li>
<li  ><a href='/e1077/plugins/su_db/index.php'>Service Users</a></li>
<li  ><a href='/e1077/plugins/risk/index.php'>Risks</a></li>
<li  ><a href='/e1077/plugins/policies/index.php'>Policies</a></li>
<li  ><a href='/e1077/plugins/calrem/index.php'>Calendar Reminders</a></li>
</ul>